Running coverage (R + C++) with --coverage flags...
[WARNING] '/home/nouser/development/TSENAT/coverage/install_lib' ya existe
[MESSAGE] Running specific tests for package ‘TSENAT’

[MESSAGE]   Running ‘testthat.R’

[PACKAGESTARTUPMESSAGE] Registered S3 method overwritten by 'car':
  method           from
  na.action.merMod lme4

[MESSAGE] '/home/nouser/miniconda3/bin/gcov' './RcppExports.gcno' '-p' '-o' '.' 


[MESSAGE] gcov output for ./RcppExports.gcno:

[MESSAGE] ./#home#nouser#miniconda3#lib#R#library#Rcpp#include#Rcpp#api#meat#proxy.h.gcov
./#home#nouser#miniconda3#lib#R#library#Rcpp#include#Rcpp#api#meat#Rcpp_eval.h.gcov
./#home#nouser#miniconda3#lib#R#library#Rcpp#include#Rcpp#as.h.gcov
./#home#nouser#miniconda3#lib#R#library#Rcpp#include#Rcpp#exceptions_impl.h.gcov
./#home#nouser#miniconda3#lib#R#library#Rcpp#include#Rcpp#exceptions.h.gcov
./#home#nouser#miniconda3#lib#R#library#Rcpp#include#Rcpp#InputParameter.h.gcov
./#home#nouser#miniconda3#lib#R#library#Rcpp#include#Rcpp#internal#caster.h.gcov
./#home#nouser#miniconda3#lib#R#library#Rcpp#include#Rcpp#internal#Exporter.h.gcov
./#home#nouser#miniconda3#lib#R#library#Rcpp#include#Rcpp#internal#Proxy_Iterator.h.gcov
./#home#nouser#miniconda3#lib#R#library#Rcpp#include#Rcpp#internal#r_vector.h.gcov
./#home#nouser#miniconda3#lib#R#library#Rcpp#include#Rcpp#internal#wrap_end.h.gcov
./#home#nouser#miniconda3#lib#R#library#Rcpp#include#Rcpp#internal#wrap.h.gcov
./#home#nouser#miniconda3#lib#R#library#Rcpp#include#Rcpp#iostream#Rstreambuf.h.gcov
./#home#nouser#miniconda3#lib#R#library#Rcpp#include#Rcpp#Named.h.gcov
./#home#nouser#miniconda3#lib#R#library#Rcpp#include#Rcpp#protection#Shelter.h.gcov
./#home#nouser#miniconda3#lib#R#library#Rcpp#include#Rcpp#protection#Shield.h.gcov
./#home#nouser#miniconda3#lib#R#library#Rcpp#include#Rcpp#proxy#AttributeProxy.h.gcov
./#home#nouser#miniconda3#lib#R#library#Rcpp#include#Rcpp#r_cast.h.gcov
./#home#nouser#miniconda3#lib#R#library#Rcpp#include#Rcpp#RObject.h.gcov
./#home#nouser#miniconda3#lib#R#library#Rcpp#include#Rcpp#routines.h.gcov
./#home#nouser#miniconda3#lib#R#library#Rcpp#include#Rcpp#storage#PreserveStorage.h.gcov
./#home#nouser#miniconda3#lib#R#library#Rcpp#include#Rcpp#String.h.gcov
./#home#nouser#miniconda3#lib#R#library#Rcpp#include#Rcpp#traits#named_object.h.gcov
./#home#nouser#miniconda3#lib#R#library#Rcpp#include#Rcpp#unwindProtect.h.gcov
./#home#nouser#miniconda3#lib#R#library#Rcpp#include#Rcpp#utils#tinyformat#tinyformat.h.gcov
./#home#nouser#miniconda3#lib#R#library#Rcpp#include#Rcpp#vector#converter.h.gcov
./#home#nouser#miniconda3#lib#R#library#Rcpp#include#Rcpp#vector#generic_proxy.h.gcov
./#home#nouser#miniconda3#lib#R#library#Rcpp#include#Rcpp#vector#Matrix.h.gcov
./#home#nouser#miniconda3#lib#R#library#Rcpp#include#Rcpp#vector#string_proxy.h.gcov
./#home#nouser#miniconda3#lib#R#library#Rcpp#include#Rcpp#vector#traits.h.gcov
./#home#nouser#miniconda3#lib#R#library#Rcpp#include#Rcpp#vector#Vector.h.gcov
./#home#nouser#miniconda3#lib#R#library#Rcpp#include#RcppCommon.h.gcov
./#home#nouser#miniconda3#lib#R#library#RcppArmadillo#include#armadillo_bits#arma_str.hpp.gcov
./#home#nouser#miniconda3#lib#R#library#RcppArmadillo#include#armadillo_bits#debug.hpp.gcov
./#usr#include#c++#14#bits#alloc_traits.h.gcov
./#usr#include#c++#14#bits#allocator.h.gcov
./#usr#include#c++#14#bits#basic_string.h.gcov
./#usr#include#c++#14#bits#basic_string.tcc.gcov
./#usr#include#c++#14#bits#char_traits.h.gcov
./#usr#include#c++#14#bits#cpp_type_traits.h.gcov
./#usr#include#c++#14#bits#exception.h.gcov
./#usr#include#c++#14#bits#ios_base.h.gcov
./#usr#include#c++#14#bits#move.h.gcov
./#usr#include#c++#14#bits#new_allocator.h.gcov
./#usr#include#c++#14#bits#ptr_traits.h.gcov
./#usr#include#c++#14#bits#stl_algo.h.gcov
./#usr#include#c++#14#bits#stl_algobase.h.gcov
./#usr#include#c++#14#bits#stl_construct.h.gcov
./#usr#include#c++#14#bits#stl_iterator_base_funcs.h.gcov
./#usr#include#c++#14#bits#stl_iterator_base_types.h.gcov
./#usr#include#c++#14#bits#stl_iterator.h.gcov
./#usr#include#c++#14#bits#stl_uninitialized.h.gcov
./#usr#include#c++#14#bits#stl_vector.h.gcov
./#usr#include#c++#14#bits#vector.tcc.gcov
./#usr#include#c++#14#new.gcov
./#usr#include#c++#14#typeinfo.gcov
./#usr#include#x86_64-linux-gnu#c++#14#bits#c++config.h.gcov
./RcppExports.cpp.gcov

[MESSAGE] gcov output targets for ./RcppExports.gcno:

[MESSAGE] ../covr/./RcppExports.gcno/#home#nouser#miniconda3#lib#R#library#Rcpp#include#Rcpp#api#meat#proxy.h.gcov
../covr/./RcppExports.gcno/#home#nouser#miniconda3#lib#R#library#Rcpp#include#Rcpp#api#meat#Rcpp_eval.h.gcov
../covr/./RcppExports.gcno/#home#nouser#miniconda3#lib#R#library#Rcpp#include#Rcpp#as.h.gcov
../covr/./RcppExports.gcno/#home#nouser#miniconda3#lib#R#library#Rcpp#include#Rcpp#exceptions_impl.h.gcov
../covr/./RcppExports.gcno/#home#nouser#miniconda3#lib#R#library#Rcpp#include#Rcpp#exceptions.h.gcov
../covr/./RcppExports.gcno/#home#nouser#miniconda3#lib#R#library#Rcpp#include#Rcpp#InputParameter.h.gcov
../covr/./RcppExports.gcno/#home#nouser#miniconda3#lib#R#library#Rcpp#include#Rcpp#internal#caster.h.gcov
../covr/./RcppExports.gcno/#home#nouser#miniconda3#lib#R#library#Rcpp#include#Rcpp#internal#Exporter.h.gcov
../covr/./RcppExports.gcno/#home#nouser#miniconda3#lib#R#library#Rcpp#include#Rcpp#internal#Proxy_Iterator.h.gcov
../covr/./RcppExports.gcno/#home#nouser#miniconda3#lib#R#library#Rcpp#include#Rcpp#internal#r_vector.h.gcov
../covr/./RcppExports.gcno/#home#nouser#miniconda3#lib#R#library#Rcpp#include#Rcpp#internal#wrap_end.h.gcov
../covr/./RcppExports.gcno/#home#nouser#miniconda3#lib#R#library#Rcpp#include#Rcpp#internal#wrap.h.gcov
../covr/./RcppExports.gcno/#home#nouser#miniconda3#lib#R#library#Rcpp#include#Rcpp#iostream#Rstreambuf.h.gcov
../covr/./RcppExports.gcno/#home#nouser#miniconda3#lib#R#library#Rcpp#include#Rcpp#Named.h.gcov
../covr/./RcppExports.gcno/#home#nouser#miniconda3#lib#R#library#Rcpp#include#Rcpp#protection#Shelter.h.gcov
../covr/./RcppExports.gcno/#home#nouser#miniconda3#lib#R#library#Rcpp#include#Rcpp#protection#Shield.h.gcov
../covr/./RcppExports.gcno/#home#nouser#miniconda3#lib#R#library#Rcpp#include#Rcpp#proxy#AttributeProxy.h.gcov
../covr/./RcppExports.gcno/#home#nouser#miniconda3#lib#R#library#Rcpp#include#Rcpp#r_cast.h.gcov
../covr/./RcppExports.gcno/#home#nouser#miniconda3#lib#R#library#Rcpp#include#Rcpp#RObject.h.gcov
../covr/./RcppExports.gcno/#home#nouser#miniconda3#lib#R#library#Rcpp#include#Rcpp#routines.h.gcov
../covr/./RcppExports.gcno/#home#nouser#miniconda3#lib#R#library#Rcpp#include#Rcpp#storage#PreserveStorage.h.gcov
../covr/./RcppExports.gcno/#home#nouser#miniconda3#lib#R#library#Rcpp#include#Rcpp#String.h.gcov
../covr/./RcppExports.gcno/#home#nouser#miniconda3#lib#R#library#Rcpp#include#Rcpp#traits#named_object.h.gcov
../covr/./RcppExports.gcno/#home#nouser#miniconda3#lib#R#library#Rcpp#include#Rcpp#unwindProtect.h.gcov
../covr/./RcppExports.gcno/#home#nouser#miniconda3#lib#R#library#Rcpp#include#Rcpp#utils#tinyformat#tinyformat.h.gcov
../covr/./RcppExports.gcno/#home#nouser#miniconda3#lib#R#library#Rcpp#include#Rcpp#vector#converter.h.gcov
../covr/./RcppExports.gcno/#home#nouser#miniconda3#lib#R#library#Rcpp#include#Rcpp#vector#generic_proxy.h.gcov
../covr/./RcppExports.gcno/#home#nouser#miniconda3#lib#R#library#Rcpp#include#Rcpp#vector#Matrix.h.gcov
../covr/./RcppExports.gcno/#home#nouser#miniconda3#lib#R#library#Rcpp#include#Rcpp#vector#string_proxy.h.gcov
../covr/./RcppExports.gcno/#home#nouser#miniconda3#lib#R#library#Rcpp#include#Rcpp#vector#traits.h.gcov
../covr/./RcppExports.gcno/#home#nouser#miniconda3#lib#R#library#Rcpp#include#Rcpp#vector#Vector.h.gcov
../covr/./RcppExports.gcno/#home#nouser#miniconda3#lib#R#library#Rcpp#include#RcppCommon.h.gcov
../covr/./RcppExports.gcno/#home#nouser#miniconda3#lib#R#library#RcppArmadillo#include#armadillo_bits#arma_str.hpp.gcov
../covr/./RcppExports.gcno/#home#nouser#miniconda3#lib#R#library#RcppArmadillo#include#armadillo_bits#debug.hpp.gcov
../covr/./RcppExports.gcno/#usr#include#c++#14#bits#alloc_traits.h.gcov
../covr/./RcppExports.gcno/#usr#include#c++#14#bits#allocator.h.gcov
../covr/./RcppExports.gcno/#usr#include#c++#14#bits#basic_string.h.gcov
../covr/./RcppExports.gcno/#usr#include#c++#14#bits#basic_string.tcc.gcov
../covr/./RcppExports.gcno/#usr#include#c++#14#bits#char_traits.h.gcov
../covr/./RcppExports.gcno/#usr#include#c++#14#bits#cpp_type_traits.h.gcov
../covr/./RcppExports.gcno/#usr#include#c++#14#bits#exception.h.gcov
../covr/./RcppExports.gcno/#usr#include#c++#14#bits#ios_base.h.gcov
../covr/./RcppExports.gcno/#usr#include#c++#14#bits#move.h.gcov
../covr/./RcppExports.gcno/#usr#include#c++#14#bits#new_allocator.h.gcov
../covr/./RcppExports.gcno/#usr#include#c++#14#bits#ptr_traits.h.gcov
../covr/./RcppExports.gcno/#usr#include#c++#14#bits#stl_algo.h.gcov
../covr/./RcppExports.gcno/#usr#include#c++#14#bits#stl_algobase.h.gcov
../covr/./RcppExports.gcno/#usr#include#c++#14#bits#stl_construct.h.gcov
../covr/./RcppExports.gcno/#usr#include#c++#14#bits#stl_iterator_base_funcs.h.gcov
../covr/./RcppExports.gcno/#usr#include#c++#14#bits#stl_iterator_base_types.h.gcov
../covr/./RcppExports.gcno/#usr#include#c++#14#bits#stl_iterator.h.gcov
../covr/./RcppExports.gcno/#usr#include#c++#14#bits#stl_uninitialized.h.gcov
../covr/./RcppExports.gcno/#usr#include#c++#14#bits#stl_vector.h.gcov
../covr/./RcppExports.gcno/#usr#include#c++#14#bits#vector.tcc.gcov
../covr/./RcppExports.gcno/#usr#include#c++#14#new.gcov
../covr/./RcppExports.gcno/#usr#include#c++#14#typeinfo.gcov
../covr/./RcppExports.gcno/#usr#include#x86_64-linux-gnu#c++#14#bits#c++config.h.gcov
../covr/./RcppExports.gcno/RcppExports.cpp.gcov

[MESSAGE] Moving gcov outputs to covr directory.


[MESSAGE] '/home/nouser/miniconda3/bin/gcov' './resampling_rcpp.gcno' '-p' '-o' '.' 


[MESSAGE] gcov output for ./resampling_rcpp.gcno:

[MESSAGE] ./#home#nouser#miniconda3#lib#R#library#Rcpp#include#Rcpp#api#bones#wrap_extra_steps.h.gcov
./#home#nouser#miniconda3#lib#R#library#Rcpp#include#Rcpp#api#meat#Dimension.h.gcov
./#home#nouser#miniconda3#lib#R#library#Rcpp#include#Rcpp#api#meat#proxy.h.gcov
./#home#nouser#miniconda3#lib#R#library#Rcpp#include#Rcpp#as.h.gcov
./#home#nouser#miniconda3#lib#R#library#Rcpp#include#Rcpp#clone.h.gcov
./#home#nouser#miniconda3#lib#R#library#Rcpp#include#Rcpp#Dimension.h.gcov
./#home#nouser#miniconda3#lib#R#library#Rcpp#include#Rcpp#exceptions_impl.h.gcov
./#home#nouser#miniconda3#lib#R#library#Rcpp#include#Rcpp#exceptions.h.gcov
./#home#nouser#miniconda3#lib#R#library#Rcpp#include#Rcpp#internal#caster.h.gcov
./#home#nouser#miniconda3#lib#R#library#Rcpp#include#Rcpp#internal#Exporter.h.gcov
./#home#nouser#miniconda3#lib#R#library#Rcpp#include#Rcpp#internal#Proxy_Iterator.h.gcov
./#home#nouser#miniconda3#lib#R#library#Rcpp#include#Rcpp#internal#r_vector.h.gcov
./#home#nouser#miniconda3#lib#R#library#Rcpp#include#Rcpp#internal#wrap_end.h.gcov
./#home#nouser#miniconda3#lib#R#library#Rcpp#include#Rcpp#internal#wrap.h.gcov
./#home#nouser#miniconda3#lib#R#library#Rcpp#include#Rcpp#iostream#Rstreambuf.h.gcov
./#home#nouser#miniconda3#lib#R#library#Rcpp#include#Rcpp#Named.h.gcov
./#home#nouser#miniconda3#lib#R#library#Rcpp#include#Rcpp#Nullable.h.gcov
./#home#nouser#miniconda3#lib#R#library#Rcpp#include#Rcpp#protection#Shield.h.gcov
./#home#nouser#miniconda3#lib#R#library#Rcpp#include#Rcpp#proxy#AttributeProxy.h.gcov
./#home#nouser#miniconda3#lib#R#library#Rcpp#include#Rcpp#r_cast.h.gcov
./#home#nouser#miniconda3#lib#R#library#Rcpp#include#Rcpp#Rmath.h.gcov
./#home#nouser#miniconda3#lib#R#library#Rcpp#include#Rcpp#RObject.h.gcov
./#home#nouser#miniconda3#lib#R#library#Rcpp#include#Rcpp#routines.h.gcov
./#home#nouser#miniconda3#lib#R#library#Rcpp#include#Rcpp#storage#PreserveStorage.h.gcov
./#home#nouser#miniconda3#lib#R#library#Rcpp#include#Rcpp#sugar#functions#is_na.h.gcov
./#home#nouser#miniconda3#lib#R#library#Rcpp#include#Rcpp#sugar#functions#Lazy.h.gcov
./#home#nouser#miniconda3#lib#R#library#Rcpp#include#Rcpp#sugar#functions#sample.h.gcov
./#home#nouser#miniconda3#lib#R#library#Rcpp#include#Rcpp#sugar#functions#sum.h.gcov
./#home#nouser#miniconda3#lib#R#library#Rcpp#include#Rcpp#sugar#operators#Comparator_With_One_Value.h.gcov
./#home#nouser#miniconda3#lib#R#library#Rcpp#include#Rcpp#sugar#operators#divides.h.gcov
./#home#nouser#miniconda3#lib#R#library#Rcpp#include#Rcpp#sugar#operators#logical_operators__Vector__primitive.h.gcov
./#home#nouser#miniconda3#lib#R#library#Rcpp#include#Rcpp#sugar#operators#minus.h.gcov
./#home#nouser#miniconda3#lib#R#library#Rcpp#include#Rcpp#sugar#operators#not.h.gcov
./#home#nouser#miniconda3#lib#R#library#Rcpp#include#Rcpp#sugar#operators#plus.h.gcov
./#home#nouser#miniconda3#lib#R#library#Rcpp#include#Rcpp#sugar#operators#r_binary_op.h.gcov
./#home#nouser#miniconda3#lib#R#library#Rcpp#include#Rcpp#traits#is_na.h.gcov
./#home#nouser#miniconda3#lib#R#library#Rcpp#include#Rcpp#traits#named_object.h.gcov
./#home#nouser#miniconda3#lib#R#library#Rcpp#include#Rcpp#utils#tinyformat#tinyformat.h.gcov
./#home#nouser#miniconda3#lib#R#library#Rcpp#include#Rcpp#vector#converter.h.gcov
./#home#nouser#miniconda3#lib#R#library#Rcpp#include#Rcpp#vector#generic_proxy.h.gcov
./#home#nouser#miniconda3#lib#R#library#Rcpp#include#Rcpp#vector#Matrix.h.gcov
./#home#nouser#miniconda3#lib#R#library#Rcpp#include#Rcpp#vector#no_init.h.gcov
./#home#nouser#miniconda3#lib#R#library#Rcpp#include#Rcpp#vector#Subsetter.h.gcov
./#home#nouser#miniconda3#lib#R#library#Rcpp#include#Rcpp#vector#traits.h.gcov
./#home#nouser#miniconda3#lib#R#library#Rcpp#include#Rcpp#vector#Vector.h.gcov
./#home#nouser#miniconda3#lib#R#library#Rcpp#include#Rcpp#vector#VectorBase.h.gcov
./#home#nouser#miniconda3#lib#R#library#Rcpp#include#RcppCommon.h.gcov
./#home#nouser#miniconda3#lib#R#library#RcppArmadillo#include#armadillo_bits#access.hpp.gcov
./#home#nouser#miniconda3#lib#R#library#RcppArmadillo#include#armadillo_bits#arma_cmath.hpp.gcov
./#home#nouser#miniconda3#lib#R#library#RcppArmadillo#include#armadillo_bits#arma_rel_comparators.hpp.gcov
./#home#nouser#miniconda3#lib#R#library#RcppArmadillo#include#armadillo_bits#arma_str.hpp.gcov
./#home#nouser#miniconda3#lib#R#library#RcppArmadillo#include#armadillo_bits#arrayops_meat.hpp.gcov
./#home#nouser#miniconda3#lib#R#library#RcppArmadillo#include#armadillo_bits#Base_meat.hpp.gcov
./#home#nouser#miniconda3#lib#R#library#RcppArmadillo#include#armadillo_bits#Col_meat.hpp.gcov
./#home#nouser#miniconda3#lib#R#library#RcppArmadillo#include#armadillo_bits#debug.hpp.gcov
./#home#nouser#miniconda3#lib#R#library#RcppArmadillo#include#armadillo_bits#eglue_core_bones.hpp.gcov
./#home#nouser#miniconda3#lib#R#library#RcppArmadillo#include#armadillo_bits#eglue_core_meat.hpp.gcov
./#home#nouser#miniconda3#lib#R#library#RcppArmadillo#include#armadillo_bits#eGlue_meat.hpp.gcov
./#home#nouser#miniconda3#lib#R#library#RcppArmadillo#include#armadillo_bits#eop_core_meat.hpp.gcov
./#home#nouser#miniconda3#lib#R#library#RcppArmadillo#include#armadillo_bits#eOp_meat.hpp.gcov
./#home#nouser#miniconda3#lib#R#library#RcppArmadillo#include#armadillo_bits#fn_accu.hpp.gcov
./#home#nouser#miniconda3#lib#R#library#RcppArmadillo#include#armadillo_bits#fn_find.hpp.gcov
./#home#nouser#miniconda3#lib#R#library#RcppArmadillo#include#armadillo_bits#fn_mean.hpp.gcov
./#home#nouser#miniconda3#lib#R#library#RcppArmadillo#include#armadillo_bits#fn_sort.hpp.gcov
./#home#nouser#miniconda3#lib#R#library#RcppArmadillo#include#armadillo_bits#fn_sum.hpp.gcov
./#home#nouser#miniconda3#lib#R#library#RcppArmadillo#include#armadillo_bits#fn_var.hpp.gcov
./#home#nouser#miniconda3#lib#R#library#RcppArmadillo#include#armadillo_bits#fn_zeros.hpp.gcov
./#home#nouser#miniconda3#lib#R#library#RcppArmadillo#include#armadillo_bits#Gen_meat.hpp.gcov
./#home#nouser#miniconda3#lib#R#library#RcppArmadillo#include#armadillo_bits#Mat_meat.hpp.gcov
./#home#nouser#miniconda3#lib#R#library#RcppArmadillo#include#armadillo_bits#memory.hpp.gcov
./#home#nouser#miniconda3#lib#R#library#RcppArmadillo#include#armadillo_bits#mtOp_meat.hpp.gcov
./#home#nouser#miniconda3#lib#R#library#RcppArmadillo#include#armadillo_bits#op_accu_meat.hpp.gcov
./#home#nouser#miniconda3#lib#R#library#RcppArmadillo#include#armadillo_bits#op_find_meat.hpp.gcov
./#home#nouser#miniconda3#lib#R#library#RcppArmadillo#include#armadillo_bits#op_htrans_meat.hpp.gcov
./#home#nouser#miniconda3#lib#R#library#RcppArmadillo#include#armadillo_bits#op_mean_meat.hpp.gcov
./#home#nouser#miniconda3#lib#R#library#RcppArmadillo#include#armadillo_bits#Op_meat.hpp.gcov
./#home#nouser#miniconda3#lib#R#library#RcppArmadillo#include#armadillo_bits#op_sort_meat.hpp.gcov
./#home#nouser#miniconda3#lib#R#library#RcppArmadillo#include#armadillo_bits#op_strans_meat.hpp.gcov
./#home#nouser#miniconda3#lib#R#library#RcppArmadillo#include#armadillo_bits#op_sum_meat.hpp.gcov
./#home#nouser#miniconda3#lib#R#library#RcppArmadillo#include#armadillo_bits#op_var_meat.hpp.gcov
./#home#nouser#miniconda3#lib#R#library#RcppArmadillo#include#armadillo_bits#operator_div.hpp.gcov
./#home#nouser#miniconda3#lib#R#library#RcppArmadillo#include#armadillo_bits#operator_minus.hpp.gcov
./#home#nouser#miniconda3#lib#R#library#RcppArmadillo#include#armadillo_bits#operator_plus.hpp.gcov
./#home#nouser#miniconda3#lib#R#library#RcppArmadillo#include#armadillo_bits#Proxy.hpp.gcov
./#home#nouser#miniconda3#lib#R#library#RcppArmadillo#include#armadillo_bits#subview_elem1_meat.hpp.gcov
./#home#nouser#miniconda3#lib#R#library#RcppArmadillo#include#armadillo_bits#subview_meat.hpp.gcov
./#home#nouser#miniconda3#lib#R#library#RcppArmadillo#include#armadillo_bits#unwrap.hpp.gcov
./#home#nouser#miniconda3#lib#R#library#RcppArmadillo#include#RcppArmadillo#interface#RcppArmadilloWrap.h.gcov
./#usr#include#c++#14#bit.gcov
./#usr#include#c++#14#bits#alloc_traits.h.gcov
./#usr#include#c++#14#bits#allocator.h.gcov
./#usr#include#c++#14#bits#basic_string.h.gcov
./#usr#include#c++#14#bits#basic_string.tcc.gcov
./#usr#include#c++#14#bits#char_traits.h.gcov
./#usr#include#c++#14#bits#cpp_type_traits.h.gcov
./#usr#include#c++#14#bits#exception.h.gcov
./#usr#include#c++#14#bits#ios_base.h.gcov
./#usr#include#c++#14#bits#move.h.gcov
./#usr#include#c++#14#bits#new_allocator.h.gcov
./#usr#include#c++#14#bits#predefined_ops.h.gcov
./#usr#include#c++#14#bits#ptr_traits.h.gcov
./#usr#include#c++#14#bits#std_abs.h.gcov
./#usr#include#c++#14#bits#stl_algo.h.gcov
./#usr#include#c++#14#bits#stl_algobase.h.gcov
./#usr#include#c++#14#bits#stl_construct.h.gcov
./#usr#include#c++#14#bits#stl_function.h.gcov
./#usr#include#c++#14#bits#stl_heap.h.gcov
./#usr#include#c++#14#bits#stl_iterator_base_funcs.h.gcov
./#usr#include#c++#14#bits#stl_iterator_base_types.h.gcov
./#usr#include#c++#14#bits#stl_iterator.h.gcov
./#usr#include#c++#14#bits#stl_map.h.gcov
./#usr#include#c++#14#bits#stl_numeric.h.gcov
./#usr#include#c++#14#bits#stl_pair.h.gcov
./#usr#include#c++#14#bits#stl_set.h.gcov
./#usr#include#c++#14#bits#stl_tree.h.gcov
./#usr#include#c++#14#bits#stl_uninitialized.h.gcov
./#usr#include#c++#14#bits#stl_vector.h.gcov
./#usr#include#c++#14#bits#vector.tcc.gcov
./#usr#include#c++#14#cmath.gcov
./#usr#include#c++#14#ext#aligned_buffer.h.gcov
./#usr#include#c++#14#limits.gcov
./#usr#include#c++#14#new.gcov
./#usr#include#c++#14#tuple.gcov
./#usr#include#x86_64-linux-gnu#c++#14#bits#c++config.h.gcov
./resampling_rcpp.cpp.gcov

[MESSAGE] gcov output targets for ./resampling_rcpp.gcno:

[MESSAGE] ../covr/./resampling_rcpp.gcno/#home#nouser#miniconda3#lib#R#library#Rcpp#include#Rcpp#api#bones#wrap_extra_steps.h.gcov
../covr/./resampling_rcpp.gcno/#home#nouser#miniconda3#lib#R#library#Rcpp#include#Rcpp#api#meat#Dimension.h.gcov
../covr/./resampling_rcpp.gcno/#home#nouser#miniconda3#lib#R#library#Rcpp#include#Rcpp#api#meat#proxy.h.gcov
../covr/./resampling_rcpp.gcno/#home#nouser#miniconda3#lib#R#library#Rcpp#include#Rcpp#as.h.gcov
../covr/./resampling_rcpp.gcno/#home#nouser#miniconda3#lib#R#library#Rcpp#include#Rcpp#clone.h.gcov
../covr/./resampling_rcpp.gcno/#home#nouser#miniconda3#lib#R#library#Rcpp#include#Rcpp#Dimension.h.gcov
../covr/./resampling_rcpp.gcno/#home#nouser#miniconda3#lib#R#library#Rcpp#include#Rcpp#exceptions_impl.h.gcov
../covr/./resampling_rcpp.gcno/#home#nouser#miniconda3#lib#R#library#Rcpp#include#Rcpp#exceptions.h.gcov
../covr/./resampling_rcpp.gcno/#home#nouser#miniconda3#lib#R#library#Rcpp#include#Rcpp#internal#caster.h.gcov
../covr/./resampling_rcpp.gcno/#home#nouser#miniconda3#lib#R#library#Rcpp#include#Rcpp#internal#Exporter.h.gcov
../covr/./resampling_rcpp.gcno/#home#nouser#miniconda3#lib#R#library#Rcpp#include#Rcpp#internal#Proxy_Iterator.h.gcov
../covr/./resampling_rcpp.gcno/#home#nouser#miniconda3#lib#R#library#Rcpp#include#Rcpp#internal#r_vector.h.gcov
../covr/./resampling_rcpp.gcno/#home#nouser#miniconda3#lib#R#library#Rcpp#include#Rcpp#internal#wrap_end.h.gcov
../covr/./resampling_rcpp.gcno/#home#nouser#miniconda3#lib#R#library#Rcpp#include#Rcpp#internal#wrap.h.gcov
../covr/./resampling_rcpp.gcno/#home#nouser#miniconda3#lib#R#library#Rcpp#include#Rcpp#iostream#Rstreambuf.h.gcov
../covr/./resampling_rcpp.gcno/#home#nouser#miniconda3#lib#R#library#Rcpp#include#Rcpp#Named.h.gcov
../covr/./resampling_rcpp.gcno/#home#nouser#miniconda3#lib#R#library#Rcpp#include#Rcpp#Nullable.h.gcov
../covr/./resampling_rcpp.gcno/#home#nouser#miniconda3#lib#R#library#Rcpp#include#Rcpp#protection#Shield.h.gcov
../covr/./resampling_rcpp.gcno/#home#nouser#miniconda3#lib#R#library#Rcpp#include#Rcpp#proxy#AttributeProxy.h.gcov
../covr/./resampling_rcpp.gcno/#home#nouser#miniconda3#lib#R#library#Rcpp#include#Rcpp#r_cast.h.gcov
../covr/./resampling_rcpp.gcno/#home#nouser#miniconda3#lib#R#library#Rcpp#include#Rcpp#Rmath.h.gcov
../covr/./resampling_rcpp.gcno/#home#nouser#miniconda3#lib#R#library#Rcpp#include#Rcpp#RObject.h.gcov
../covr/./resampling_rcpp.gcno/#home#nouser#miniconda3#lib#R#library#Rcpp#include#Rcpp#routines.h.gcov
../covr/./resampling_rcpp.gcno/#home#nouser#miniconda3#lib#R#library#Rcpp#include#Rcpp#storage#PreserveStorage.h.gcov
../covr/./resampling_rcpp.gcno/#home#nouser#miniconda3#lib#R#library#Rcpp#include#Rcpp#sugar#functions#is_na.h.gcov
../covr/./resampling_rcpp.gcno/#home#nouser#miniconda3#lib#R#library#Rcpp#include#Rcpp#sugar#functions#Lazy.h.gcov
../covr/./resampling_rcpp.gcno/#home#nouser#miniconda3#lib#R#library#Rcpp#include#Rcpp#sugar#functions#sample.h.gcov
../covr/./resampling_rcpp.gcno/#home#nouser#miniconda3#lib#R#library#Rcpp#include#Rcpp#sugar#functions#sum.h.gcov
../covr/./resampling_rcpp.gcno/#home#nouser#miniconda3#lib#R#library#Rcpp#include#Rcpp#sugar#operators#Comparator_With_One_Value.h.gcov
../covr/./resampling_rcpp.gcno/#home#nouser#miniconda3#lib#R#library#Rcpp#include#Rcpp#sugar#operators#divides.h.gcov
../covr/./resampling_rcpp.gcno/#home#nouser#miniconda3#lib#R#library#Rcpp#include#Rcpp#sugar#operators#logical_operators__Vector__primitive.h.gcov
../covr/./resampling_rcpp.gcno/#home#nouser#miniconda3#lib#R#library#Rcpp#include#Rcpp#sugar#operators#minus.h.gcov
../covr/./resampling_rcpp.gcno/#home#nouser#miniconda3#lib#R#library#Rcpp#include#Rcpp#sugar#operators#not.h.gcov
../covr/./resampling_rcpp.gcno/#home#nouser#miniconda3#lib#R#library#Rcpp#include#Rcpp#sugar#operators#plus.h.gcov
../covr/./resampling_rcpp.gcno/#home#nouser#miniconda3#lib#R#library#Rcpp#include#Rcpp#sugar#operators#r_binary_op.h.gcov
../covr/./resampling_rcpp.gcno/#home#nouser#miniconda3#lib#R#library#Rcpp#include#Rcpp#traits#is_na.h.gcov
../covr/./resampling_rcpp.gcno/#home#nouser#miniconda3#lib#R#library#Rcpp#include#Rcpp#traits#named_object.h.gcov
../covr/./resampling_rcpp.gcno/#home#nouser#miniconda3#lib#R#library#Rcpp#include#Rcpp#utils#tinyformat#tinyformat.h.gcov
../covr/./resampling_rcpp.gcno/#home#nouser#miniconda3#lib#R#library#Rcpp#include#Rcpp#vector#converter.h.gcov
../covr/./resampling_rcpp.gcno/#home#nouser#miniconda3#lib#R#library#Rcpp#include#Rcpp#vector#generic_proxy.h.gcov
../covr/./resampling_rcpp.gcno/#home#nouser#miniconda3#lib#R#library#Rcpp#include#Rcpp#vector#Matrix.h.gcov
../covr/./resampling_rcpp.gcno/#home#nouser#miniconda3#lib#R#library#Rcpp#include#Rcpp#vector#no_init.h.gcov
../covr/./resampling_rcpp.gcno/#home#nouser#miniconda3#lib#R#library#Rcpp#include#Rcpp#vector#Subsetter.h.gcov
../covr/./resampling_rcpp.gcno/#home#nouser#miniconda3#lib#R#library#Rcpp#include#Rcpp#vector#traits.h.gcov
../covr/./resampling_rcpp.gcno/#home#nouser#miniconda3#lib#R#library#Rcpp#include#Rcpp#vector#Vector.h.gcov
../covr/./resampling_rcpp.gcno/#home#nouser#miniconda3#lib#R#library#Rcpp#include#Rcpp#vector#VectorBase.h.gcov
../covr/./resampling_rcpp.gcno/#home#nouser#miniconda3#lib#R#library#Rcpp#include#RcppCommon.h.gcov
../covr/./resampling_rcpp.gcno/#home#nouser#miniconda3#lib#R#library#RcppArmadillo#include#armadillo_bits#access.hpp.gcov
../covr/./resampling_rcpp.gcno/#home#nouser#miniconda3#lib#R#library#RcppArmadillo#include#armadillo_bits#arma_cmath.hpp.gcov
../covr/./resampling_rcpp.gcno/#home#nouser#miniconda3#lib#R#library#RcppArmadillo#include#armadillo_bits#arma_rel_comparators.hpp.gcov
../covr/./resampling_rcpp.gcno/#home#nouser#miniconda3#lib#R#library#RcppArmadillo#include#armadillo_bits#arma_str.hpp.gcov
../covr/./resampling_rcpp.gcno/#home#nouser#miniconda3#lib#R#library#RcppArmadillo#include#armadillo_bits#arrayops_meat.hpp.gcov
../covr/./resampling_rcpp.gcno/#home#nouser#miniconda3#lib#R#library#RcppArmadillo#include#armadillo_bits#Base_meat.hpp.gcov
../covr/./resampling_rcpp.gcno/#home#nouser#miniconda3#lib#R#library#RcppArmadillo#include#armadillo_bits#Col_meat.hpp.gcov
../covr/./resampling_rcpp.gcno/#home#nouser#miniconda3#lib#R#library#RcppArmadillo#include#armadillo_bits#debug.hpp.gcov
../covr/./resampling_rcpp.gcno/#home#nouser#miniconda3#lib#R#library#RcppArmadillo#include#armadillo_bits#eglue_core_bones.hpp.gcov
../covr/./resampling_rcpp.gcno/#home#nouser#miniconda3#lib#R#library#RcppArmadillo#include#armadillo_bits#eglue_core_meat.hpp.gcov
../covr/./resampling_rcpp.gcno/#home#nouser#miniconda3#lib#R#library#RcppArmadillo#include#armadillo_bits#eGlue_meat.hpp.gcov
../covr/./resampling_rcpp.gcno/#home#nouser#miniconda3#lib#R#library#RcppArmadillo#include#armadillo_bits#eop_core_meat.hpp.gcov
../covr/./resampling_rcpp.gcno/#home#nouser#miniconda3#lib#R#library#RcppArmadillo#include#armadillo_bits#eOp_meat.hpp.gcov
../covr/./resampling_rcpp.gcno/#home#nouser#miniconda3#lib#R#library#RcppArmadillo#include#armadillo_bits#fn_accu.hpp.gcov
../covr/./resampling_rcpp.gcno/#home#nouser#miniconda3#lib#R#library#RcppArmadillo#include#armadillo_bits#fn_find.hpp.gcov
../covr/./resampling_rcpp.gcno/#home#nouser#miniconda3#lib#R#library#RcppArmadillo#include#armadillo_bits#fn_mean.hpp.gcov
../covr/./resampling_rcpp.gcno/#home#nouser#miniconda3#lib#R#library#RcppArmadillo#include#armadillo_bits#fn_sort.hpp.gcov
../covr/./resampling_rcpp.gcno/#home#nouser#miniconda3#lib#R#library#RcppArmadillo#include#armadillo_bits#fn_sum.hpp.gcov
../covr/./resampling_rcpp.gcno/#home#nouser#miniconda3#lib#R#library#RcppArmadillo#include#armadillo_bits#fn_var.hpp.gcov
../covr/./resampling_rcpp.gcno/#home#nouser#miniconda3#lib#R#library#RcppArmadillo#include#armadillo_bits#fn_zeros.hpp.gcov
../covr/./resampling_rcpp.gcno/#home#nouser#miniconda3#lib#R#library#RcppArmadillo#include#armadillo_bits#Gen_meat.hpp.gcov
../covr/./resampling_rcpp.gcno/#home#nouser#miniconda3#lib#R#library#RcppArmadillo#include#armadillo_bits#Mat_meat.hpp.gcov
../covr/./resampling_rcpp.gcno/#home#nouser#miniconda3#lib#R#library#RcppArmadillo#include#armadillo_bits#memory.hpp.gcov
../covr/./resampling_rcpp.gcno/#home#nouser#miniconda3#lib#R#library#RcppArmadillo#include#armadillo_bits#mtOp_meat.hpp.gcov
../covr/./resampling_rcpp.gcno/#home#nouser#miniconda3#lib#R#library#RcppArmadillo#include#armadillo_bits#op_accu_meat.hpp.gcov
../covr/./resampling_rcpp.gcno/#home#nouser#miniconda3#lib#R#library#RcppArmadillo#include#armadillo_bits#op_find_meat.hpp.gcov
../covr/./resampling_rcpp.gcno/#home#nouser#miniconda3#lib#R#library#RcppArmadillo#include#armadillo_bits#op_htrans_meat.hpp.gcov
../covr/./resampling_rcpp.gcno/#home#nouser#miniconda3#lib#R#library#RcppArmadillo#include#armadillo_bits#op_mean_meat.hpp.gcov
../covr/./resampling_rcpp.gcno/#home#nouser#miniconda3#lib#R#library#RcppArmadillo#include#armadillo_bits#Op_meat.hpp.gcov
../covr/./resampling_rcpp.gcno/#home#nouser#miniconda3#lib#R#library#RcppArmadillo#include#armadillo_bits#op_sort_meat.hpp.gcov
../covr/./resampling_rcpp.gcno/#home#nouser#miniconda3#lib#R#library#RcppArmadillo#include#armadillo_bits#op_strans_meat.hpp.gcov
../covr/./resampling_rcpp.gcno/#home#nouser#miniconda3#lib#R#library#RcppArmadillo#include#armadillo_bits#op_sum_meat.hpp.gcov
../covr/./resampling_rcpp.gcno/#home#nouser#miniconda3#lib#R#library#RcppArmadillo#include#armadillo_bits#op_var_meat.hpp.gcov
../covr/./resampling_rcpp.gcno/#home#nouser#miniconda3#lib#R#library#RcppArmadillo#include#armadillo_bits#operator_div.hpp.gcov
../covr/./resampling_rcpp.gcno/#home#nouser#miniconda3#lib#R#library#RcppArmadillo#include#armadillo_bits#operator_minus.hpp.gcov
../covr/./resampling_rcpp.gcno/#home#nouser#miniconda3#lib#R#library#RcppArmadillo#include#armadillo_bits#operator_plus.hpp.gcov
../covr/./resampling_rcpp.gcno/#home#nouser#miniconda3#lib#R#library#RcppArmadillo#include#armadillo_bits#Proxy.hpp.gcov
../covr/./resampling_rcpp.gcno/#home#nouser#miniconda3#lib#R#library#RcppArmadillo#include#armadillo_bits#subview_elem1_meat.hpp.gcov
../covr/./resampling_rcpp.gcno/#home#nouser#miniconda3#lib#R#library#RcppArmadillo#include#armadillo_bits#subview_meat.hpp.gcov
../covr/./resampling_rcpp.gcno/#home#nouser#miniconda3#lib#R#library#RcppArmadillo#include#armadillo_bits#unwrap.hpp.gcov
../covr/./resampling_rcpp.gcno/#home#nouser#miniconda3#lib#R#library#RcppArmadillo#include#RcppArmadillo#interface#RcppArmadilloWrap.h.gcov
../covr/./resampling_rcpp.gcno/#usr#include#c++#14#bit.gcov
../covr/./resampling_rcpp.gcno/#usr#include#c++#14#bits#alloc_traits.h.gcov
../covr/./resampling_rcpp.gcno/#usr#include#c++#14#bits#allocator.h.gcov
../covr/./resampling_rcpp.gcno/#usr#include#c++#14#bits#basic_string.h.gcov
../covr/./resampling_rcpp.gcno/#usr#include#c++#14#bits#basic_string.tcc.gcov
../covr/./resampling_rcpp.gcno/#usr#include#c++#14#bits#char_traits.h.gcov
../covr/./resampling_rcpp.gcno/#usr#include#c++#14#bits#cpp_type_traits.h.gcov
../covr/./resampling_rcpp.gcno/#usr#include#c++#14#bits#exception.h.gcov
../covr/./resampling_rcpp.gcno/#usr#include#c++#14#bits#ios_base.h.gcov
../covr/./resampling_rcpp.gcno/#usr#include#c++#14#bits#move.h.gcov
../covr/./resampling_rcpp.gcno/#usr#include#c++#14#bits#new_allocator.h.gcov
../covr/./resampling_rcpp.gcno/#usr#include#c++#14#bits#predefined_ops.h.gcov
../covr/./resampling_rcpp.gcno/#usr#include#c++#14#bits#ptr_traits.h.gcov
../covr/./resampling_rcpp.gcno/#usr#include#c++#14#bits#std_abs.h.gcov
../covr/./resampling_rcpp.gcno/#usr#include#c++#14#bits#stl_algo.h.gcov
../covr/./resampling_rcpp.gcno/#usr#include#c++#14#bits#stl_algobase.h.gcov
../covr/./resampling_rcpp.gcno/#usr#include#c++#14#bits#stl_construct.h.gcov
../covr/./resampling_rcpp.gcno/#usr#include#c++#14#bits#stl_function.h.gcov
../covr/./resampling_rcpp.gcno/#usr#include#c++#14#bits#stl_heap.h.gcov
../covr/./resampling_rcpp.gcno/#usr#include#c++#14#bits#stl_iterator_base_funcs.h.gcov
../covr/./resampling_rcpp.gcno/#usr#include#c++#14#bits#stl_iterator_base_types.h.gcov
../covr/./resampling_rcpp.gcno/#usr#include#c++#14#bits#stl_iterator.h.gcov
../covr/./resampling_rcpp.gcno/#usr#include#c++#14#bits#stl_map.h.gcov
../covr/./resampling_rcpp.gcno/#usr#include#c++#14#bits#stl_numeric.h.gcov
../covr/./resampling_rcpp.gcno/#usr#include#c++#14#bits#stl_pair.h.gcov
../covr/./resampling_rcpp.gcno/#usr#include#c++#14#bits#stl_set.h.gcov
../covr/./resampling_rcpp.gcno/#usr#include#c++#14#bits#stl_tree.h.gcov
../covr/./resampling_rcpp.gcno/#usr#include#c++#14#bits#stl_uninitialized.h.gcov
../covr/./resampling_rcpp.gcno/#usr#include#c++#14#bits#stl_vector.h.gcov
../covr/./resampling_rcpp.gcno/#usr#include#c++#14#bits#vector.tcc.gcov
../covr/./resampling_rcpp.gcno/#usr#include#c++#14#cmath.gcov
../covr/./resampling_rcpp.gcno/#usr#include#c++#14#ext#aligned_buffer.h.gcov
../covr/./resampling_rcpp.gcno/#usr#include#c++#14#limits.gcov
../covr/./resampling_rcpp.gcno/#usr#include#c++#14#new.gcov
../covr/./resampling_rcpp.gcno/#usr#include#c++#14#tuple.gcov
../covr/./resampling_rcpp.gcno/#usr#include#x86_64-linux-gnu#c++#14#bits#c++config.h.gcov
../covr/./resampling_rcpp.gcno/resampling_rcpp.cpp.gcov

[MESSAGE] Moving gcov outputs to covr directory.


Installed package (with test Rout logs) retained at: /home/nouser/development/TSENAT/coverage/install_lib
Total coverage: 87.04%
Wrote XML report: coverage/coverage.xml 
Wrote report: coverage/coverage.html 
Full run log: coverage/coverage_run.log
